../Drivers/CMSIS/Include/core_cm7.h:1865:22:__NVIC_SetPriorityGrouping	24	static
../Drivers/CMSIS/Include/core_cm7.h:1884:26:__NVIC_GetPriorityGrouping	4	static
../Drivers/CMSIS/Include/core_cm7.h:1896:22:__NVIC_EnableIRQ	16	static
../Drivers/CMSIS/Include/core_cm7.h:1932:22:__NVIC_DisableIRQ	16	static,ignoring_inline_asm
../Drivers/CMSIS/Include/core_cm7.h:1951:26:__NVIC_GetPendingIRQ	16	static
../Drivers/CMSIS/Include/core_cm7.h:1970:22:__NVIC_SetPendingIRQ	16	static
../Drivers/CMSIS/Include/core_cm7.h:1985:22:__NVIC_ClearPendingIRQ	16	static
../Drivers/CMSIS/Include/core_cm7.h:2002:26:__NVIC_GetActive	16	static
../Drivers/CMSIS/Include/core_cm7.h:2024:22:__NVIC_SetPriority	16	static
../Drivers/CMSIS/Include/core_cm7.h:2046:26:__NVIC_GetPriority	16	static
../Drivers/CMSIS/Include/core_cm7.h:2071:26:NVIC_EncodePriority	40	static
../Drivers/CMSIS/Include/core_cm7.h:2098:22:NVIC_DecodePriority	40	static
../Drivers/CMSIS/Include/core_cm7.h:2147:34:__NVIC_SystemReset	4	static,ignoring_inline_asm
../Drivers/CMSIS/Include/core_cm7.h:2564:26:SysTick_Config	16	static
../Drivers/STM32F7xx_HAL_Driver/Src/stm32f7xx_hal_cortex.c:142:6:HAL_NVIC_SetPriorityGrouping	16	static
../Drivers/STM32F7xx_HAL_Driver/Src/stm32f7xx_hal_cortex.c:164:6:HAL_NVIC_SetPriority	32	static
../Drivers/STM32F7xx_HAL_Driver/Src/stm32f7xx_hal_cortex.c:186:6:HAL_NVIC_EnableIRQ	16	static
../Drivers/STM32F7xx_HAL_Driver/Src/stm32f7xx_hal_cortex.c:202:6:HAL_NVIC_DisableIRQ	16	static
../Drivers/STM32F7xx_HAL_Driver/Src/stm32f7xx_hal_cortex.c:215:6:HAL_NVIC_SystemReset	8	static
../Drivers/STM32F7xx_HAL_Driver/Src/stm32f7xx_hal_cortex.c:228:10:HAL_SYSTICK_Config	16	static
../Drivers/STM32F7xx_HAL_Driver/Src/stm32f7xx_hal_cortex.c:257:6:HAL_MPU_Disable	4	static,ignoring_inline_asm
../Drivers/STM32F7xx_HAL_Driver/Src/stm32f7xx_hal_cortex.c:280:6:HAL_MPU_Enable	16	static,ignoring_inline_asm
../Drivers/STM32F7xx_HAL_Driver/Src/stm32f7xx_hal_cortex.c:297:6:HAL_MPU_EnableRegion	16	static
../Drivers/STM32F7xx_HAL_Driver/Src/stm32f7xx_hal_cortex.c:313:6:HAL_MPU_DisableRegion	16	static
../Drivers/STM32F7xx_HAL_Driver/Src/stm32f7xx_hal_cortex.c:331:6:HAL_MPU_ConfigRegion	16	static
../Drivers/STM32F7xx_HAL_Driver/Src/stm32f7xx_hal_cortex.c:369:10:HAL_NVIC_GetPriorityGrouping	8	static
../Drivers/STM32F7xx_HAL_Driver/Src/stm32f7xx_hal_cortex.c:396:6:HAL_NVIC_GetPriority	24	static
../Drivers/STM32F7xx_HAL_Driver/Src/stm32f7xx_hal_cortex.c:411:6:HAL_NVIC_SetPendingIRQ	16	static
../Drivers/STM32F7xx_HAL_Driver/Src/stm32f7xx_hal_cortex.c:429:10:HAL_NVIC_GetPendingIRQ	16	static
../Drivers/STM32F7xx_HAL_Driver/Src/stm32f7xx_hal_cortex.c:445:6:HAL_NVIC_ClearPendingIRQ	16	static
../Drivers/STM32F7xx_HAL_Driver/Src/stm32f7xx_hal_cortex.c:462:10:HAL_NVIC_GetActive	16	static
../Drivers/STM32F7xx_HAL_Driver/Src/stm32f7xx_hal_cortex.c:479:6:HAL_SYSTICK_CLKSourceConfig	16	static
../Drivers/STM32F7xx_HAL_Driver/Src/stm32f7xx_hal_cortex.c:497:6:HAL_SYSTICK_IRQHandler	8	static
../Drivers/STM32F7xx_HAL_Driver/Src/stm32f7xx_hal_cortex.c:506:13:HAL_SYSTICK_Callback	4	static
