../Drivers/STM32F7xx_HAL_Driver/Src/stm32f7xx_hal.c:138:19:HAL_Init	8	static
../Drivers/STM32F7xx_HAL_Driver/Src/stm32f7xx_hal.c:168:19:HAL_DeInit	8	static
../Drivers/STM32F7xx_HAL_Driver/Src/stm32f7xx_hal.c:197:13:HAL_MspInit	4	static
../Drivers/STM32F7xx_HAL_Driver/Src/stm32f7xx_hal.c:208:13:HAL_MspDeInit	4	static
../Drivers/STM32F7xx_HAL_Driver/Src/stm32f7xx_hal.c:231:26:HAL_InitTick	16	static
../Drivers/STM32F7xx_HAL_Driver/Src/stm32f7xx_hal.c:290:13:HAL_IncTick	4	static
../Drivers/STM32F7xx_HAL_Driver/Src/stm32f7xx_hal.c:301:17:HAL_GetTick	4	static
../Drivers/STM32F7xx_HAL_Driver/Src/stm32f7xx_hal.c:310:10:HAL_GetTickPrio	4	static
../Drivers/STM32F7xx_HAL_Driver/Src/stm32f7xx_hal.c:319:19:HAL_SetTickFreq	24	static
../Drivers/STM32F7xx_HAL_Driver/Src/stm32f7xx_hal.c:352:21:HAL_GetTickFreq	4	static
../Drivers/STM32F7xx_HAL_Driver/Src/stm32f7xx_hal.c:368:13:HAL_Delay	24	static
../Drivers/STM32F7xx_HAL_Driver/Src/stm32f7xx_hal.c:394:13:HAL_SuspendTick	4	static
../Drivers/STM32F7xx_HAL_Driver/Src/stm32f7xx_hal.c:410:13:HAL_ResumeTick	4	static
../Drivers/STM32F7xx_HAL_Driver/Src/stm32f7xx_hal.c:420:10:HAL_GetHalVersion	4	static
../Drivers/STM32F7xx_HAL_Driver/Src/stm32f7xx_hal.c:429:10:HAL_GetREVID	4	static
../Drivers/STM32F7xx_HAL_Driver/Src/stm32f7xx_hal.c:438:10:HAL_GetDEVID	4	static
../Drivers/STM32F7xx_HAL_Driver/Src/stm32f7xx_hal.c:447:10:HAL_GetUIDw0	4	static
../Drivers/STM32F7xx_HAL_Driver/Src/stm32f7xx_hal.c:456:10:HAL_GetUIDw1	4	static
../Drivers/STM32F7xx_HAL_Driver/Src/stm32f7xx_hal.c:465:10:HAL_GetUIDw2	4	static
../Drivers/STM32F7xx_HAL_Driver/Src/stm32f7xx_hal.c:474:6:HAL_DBGMCU_EnableDBGSleepMode	4	static
../Drivers/STM32F7xx_HAL_Driver/Src/stm32f7xx_hal.c:483:6:HAL_DBGMCU_DisableDBGSleepMode	4	static
../Drivers/STM32F7xx_HAL_Driver/Src/stm32f7xx_hal.c:492:6:HAL_DBGMCU_EnableDBGStopMode	4	static
../Drivers/STM32F7xx_HAL_Driver/Src/stm32f7xx_hal.c:501:6:HAL_DBGMCU_DisableDBGStopMode	4	static
../Drivers/STM32F7xx_HAL_Driver/Src/stm32f7xx_hal.c:510:6:HAL_DBGMCU_EnableDBGStandbyMode	4	static
../Drivers/STM32F7xx_HAL_Driver/Src/stm32f7xx_hal.c:519:6:HAL_DBGMCU_DisableDBGStandbyMode	4	static
../Drivers/STM32F7xx_HAL_Driver/Src/stm32f7xx_hal.c:530:6:HAL_EnableCompensationCell	4	static
../Drivers/STM32F7xx_HAL_Driver/Src/stm32f7xx_hal.c:541:6:HAL_DisableCompensationCell	4	static
../Drivers/STM32F7xx_HAL_Driver/Src/stm32f7xx_hal.c:554:6:HAL_EnableFMCMemorySwapping	4	static
../Drivers/STM32F7xx_HAL_Driver/Src/stm32f7xx_hal.c:567:6:HAL_DisableFMCMemorySwapping	4	static
../Drivers/STM32F7xx_HAL_Driver/Src/stm32f7xx_hal.c:583:6:HAL_EnableMemorySwappingBank	4	static
../Drivers/STM32F7xx_HAL_Driver/Src/stm32f7xx_hal.c:598:6:HAL_DisableMemorySwappingBank	4	static
