../Drivers/CMSIS/Include/core_cm7.h:2464:22:SCB_InvalidateDCache_by_Addr	32	static,ignoring_inline_asm
../LWIP/Target/ethernetif.c:161:6:HAL_ETH_RxCpltCallback	16	static
../LWIP/Target/ethernetif.c:170:6:HAL_ETH_TxCpltCallback	16	static
../LWIP/Target/ethernetif.c:179:6:HAL_ETH_ErrorCallback	16	static
../LWIP/Target/ethernetif.c:201:13:low_level_init	224	static
../LWIP/Target/ethernetif.c:383:14:low_level_output	80	static
../LWIP/Target/ethernetif.c:455:22:low_level_input	24	static
../LWIP/Target/ethernetif.c:476:13:ethernetif_input	24	static
../LWIP/Target/ethernetif.c:533:7:ethernetif_init	16	static
../LWIP/Target/ethernetif.c:584:6:pbuf_free_custom	24	static
../LWIP/Target/ethernetif.c:607:7:sys_now	8	static
../LWIP/Target/ethernetif.c:620:6:HAL_ETH_MspInit	64	static
../LWIP/Target/ethernetif.c:683:6:HAL_ETH_MspDeInit	16	static
../LWIP/Target/ethernetif.c:729:9:ETH_PHY_IO_Init	8	static
../LWIP/Target/ethernetif.c:746:9:ETH_PHY_IO_DeInit	4	static
../LWIP/Target/ethernetif.c:758:9:ETH_PHY_IO_ReadReg	24	static
../LWIP/Target/ethernetif.c:775:9:ETH_PHY_IO_WriteReg	24	static
../LWIP/Target/ethernetif.c:789:9:ETH_PHY_IO_GetTick	8	static
../LWIP/Target/ethernetif.c:799:6:ethernet_link_thread	136	static
../LWIP/Target/ethernetif.c:869:6:HAL_ETH_RxAllocateCallback	32	static
../LWIP/Target/ethernetif.c:891:6:HAL_ETH_RxLinkCallback	40	static
../LWIP/Target/ethernetif.c:931:6:HAL_ETH_TxFreeCallback	16	static
../LWIP/Target/ethernetif.c:944:6:RMII_Thread	16	static
