../Core/Src/main.c:100:5:main	48	static
../Core/Src/main.c:190:6:SystemClock_Config	88	static
../Core/Src/main.c:245:13:MX_CAN1_Init	8	static
../Core/Src/main.c:282:13:MX_I2C1_Init	8	static
../Core/Src/main.c:330:13:MX_RTC_Init	8	static
../Core/Src/main.c:365:13:MX_TIM2_Init	48	static
../Core/Src/main.c:422:13:MX_TIM5_Init	48	static
../Core/Src/main.c:475:13:MX_UART4_Init	8	static
../Core/Src/main.c:510:13:MX_UART5_Init	8	static
../Core/Src/main.c:545:13:MX_UART7_Init	8	static
../Core/Src/main.c:580:13:MX_UART8_Init	8	static
../Core/Src/main.c:615:13:MX_USART1_UART_Init	8	static
../Core/Src/main.c:650:13:MX_USART2_UART_Init	8	static
../Core/Src/main.c:685:13:MX_USART3_UART_Init	8	static
../Core/Src/main.c:720:13:MX_USART6_UART_Init	8	static
../Core/Src/main.c:755:13:MX_GPIO_Init	40	static
../Core/Src/main.c:785:6:StartDefaultTask	16	static
../Core/Src/main.c:800:6:MPU_Config	24	static
../Core/Src/main.c:835:6:HAL_TIM_PeriodElapsedCallback	16	static
../Core/Src/main.c:852:6:Error_Handler	4	static,ignoring_inline_asm
